<html>
<body>
<pre>
<h1>µVision Build Log</h1>
<h2>Tool Versions:</h2>
IDE-Version: ?Vision V5.28.0.0
Copyright (C) 2019 ARM Ltd and ARM Germany GmbH. All rights reserved.
License Information: Kriangsak Chawalittipakorn - Flex license: MDK Professional 5.28 (Flex) (mdk_pro) Operation stops: 13 Aug 2020
 
Tool Versions:
Toolchain:       MDK Professional 5.28 (Flex)  Version: 5.28.0.0
Toolchain Path:  D:\Keil\ARM\ARMCC\Bin
C Compiler:      Armcc.exe V5.06 update 6 (build 750)
Assembler:       Armasm.exe V5.06 update 6 (build 750)
Linker/Locator:  ArmLink.exe V5.06 update 6 (build 750)
Library Manager: ArmAr.exe V5.06 update 6 (build 750)
Hex Converter:   FromElf.exe V5.06 update 6 (build 750)
CPU DLL:         SARMCM3.DLL V5.28.0.0
Dialog DLL:      DCM.DLL V1.17.3.0
Target DLL:      STLink\ST-LINKIII-KEIL_SWO.dll V3.0.6.0
Dialog DLL:      TCM.DLL V1.36.2.0
 
<h2>Project:</h2>
D:\Keil File\CheckerLED4\MDK-ARM\CheckerLED4.uvprojx
Project File Date:  11/24/2019

<h2>Output:</h2>
*** Using Compiler 'V5.06 update 6 (build 750)', folder: 'D:\Keil\ARM\ARMCC\Bin'
Build target 'CheckerLED4'
compiling main.c...
../Src/main.c(221): warning:  #177-D: variable "str2"  was declared but never referenced
  						char str2[50] = "";
../Src/main.c(222): warning:  #177-D: variable "str3"  was declared but never referenced
  						char str3[50] = "";
../Src/main.c(223): warning:  #177-D: variable "a"  was declared but never referenced
  						uint32_t a=input;
../Src/main.c(169): warning:  #177-D: variable "str"  was declared but never referenced
  	char str[50];
../Src/main.c(1016): warning:  #111-D: statement is unreachable
  			break;
../Src/main.c(1018): warning:  #111-D: statement is unreachable
  			break;
../Src/main.c(1020): warning:  #111-D: statement is unreachable
  			break;
../Src/main.c(1022): warning:  #111-D: statement is unreachable
  			break;
../Src/main.c(1024): warning:  #111-D: statement is unreachable
  			break;
../Src/main.c(1026): warning:  #111-D: statement is unreachable
  			break;
../Src/main.c(1028): warning:  #111-D: statement is unreachable
  			break;
../Src/main.c(1030): warning:  #111-D: statement is unreachable
  			break;
../Src/main.c(1032): warning:  #111-D: statement is unreachable
  			break;
../Src/main.c(1034): warning:  #111-D: statement is unreachable
  			break;
../Src/main.c(1036): warning:  #111-D: statement is unreachable
  			break;
../Src/main.c(1038): warning:  #111-D: statement is unreachable
  			break;
../Src/main.c(1040): warning:  #111-D: statement is unreachable
  			break;
../Src/main.c(1042): warning:  #111-D: statement is unreachable
  			break;
../Src/main.c(1044): warning:  #111-D: statement is unreachable
  			break;
../Src/main.c(1046): warning:  #111-D: statement is unreachable
  			break;
../Src/main.c(1048): warning:  #940-D: missing return statement at end of non-void function "InputH" 
  }
../Src/main.c(1055): warning:  #111-D: statement is unreachable
  			break;
../Src/main.c(1057): warning:  #111-D: statement is unreachable
  			break;
../Src/main.c(1059): warning:  #111-D: statement is unreachable
  			break;
../Src/main.c(1061): warning:  #111-D: statement is unreachable
  			break;
../Src/main.c(1063): warning:  #111-D: statement is unreachable
  			break;
../Src/main.c(1065): warning:  #111-D: statement is unreachable
  			break;
../Src/main.c(1067): warning:  #111-D: statement is unreachable
  			break;
../Src/main.c(1069): warning:  #111-D: statement is unreachable
  			break;
../Src/main.c(1071): warning:  #111-D: statement is unreachable
  			break;
../Src/main.c(1073): warning:  #111-D: statement is unreachable
  			break;
../Src/main.c(1075): warning:  #111-D: statement is unreachable
  			break;
../Src/main.c(1077): warning:  #111-D: statement is unreachable
  			break;
../Src/main.c(1079): warning:  #111-D: statement is unreachable
  			break;
../Src/main.c(1081): warning:  #111-D: statement is unreachable
  			break;
../Src/main.c(1083): warning:  #111-D: statement is unreachable
  			break;
../Src/main.c(1085): warning:  #111-D: statement is unreachable
  			break;
../Src/main.c(1087): warning:  #111-D: statement is unreachable
  			break;
../Src/main.c(1089): warning:  #111-D: statement is unreachable
  			break;
../Src/main.c(1092): warning:  #940-D: missing return statement at end of non-void function "readInput" 
  }
../Src/main.c: 40 warnings, 0 errors
linking...
Program Size: Code=16120 RO-data=1536560 RW-data=176 ZI-data=1560  
FromELF: creating hex file...
"CheckerLED4\CheckerLED4.axf" - 0 Error(s), 40 Warning(s).

<h2>Software Packages used:</h2>

Package Vendor: ARM
                http://www.keil.com/pack/ARM.CMSIS.5.6.0.pack
                ARM.CMSIS.5.6.0
                CMSIS (Cortex Microcontroller Software Interface Standard)
   * Component: CORE Version: 5.3.0

Package Vendor: Keil
                https://www.keil.com/pack/Keil.STM32F7xx_DFP.2.12.0.pack
                Keil.STM32F7xx_DFP.2.12.0
                STMicroelectronics STM32F7 Series Device Support, Drivers and Examples

<h2>Collection of Component include folders:</h2>
  .\RTE\_CheckerLED4
  C:\Users\Asus\AppData\Local\Arm\Packs\ARM\CMSIS\5.6.0\CMSIS\Core\Include
  C:\Users\Asus\AppData\Local\Arm\Packs\Keil\STM32F7xx_DFP\2.12.0\Drivers\CMSIS\Device\ST\STM32F7xx\Include

<h2>Collection of Component Files used:</h2>

   * Component: ARM::CMSIS:CORE:5.3.0
Build Time Elapsed:  00:00:06
</pre>
</body>
</html>
